ok
ok
error
ok
ok
ok
ok
ok
0x1.e691e6p+1 3
10: 0x1.333334p+0 0x1.99999ap-3 0x1.333334p-2 0x1.99999ap-2 0x1p-1 0x1.333334p-1 0x1.666666p-1 0x1.99999ap-1 0x1.ccccccp-1 0x1p+0

0